11:17:26 **** Incremental Build of configuration Debug for project flo_edge ****
make -j12 all 
arm-none-eabi-gcc "../Core/Src/main.c" -mcpu=cortex-m0 -std=gnu11 -g3 -DDEBUG -DUSE_HAL_DRIVER -DSTM32F030xC -c -I../Core/Inc -I../Drivers/STM32F0xx_HAL_Driver/Inc -I../Drivers/STM32F0xx_HAL_Driver/Inc/Legacy -I../Drivers/CMSIS/Device/ST/STM32F0xx/Include -I../Drivers/CMSIS/Include -O0 -ffunction-sections -fdata-sections -Wall -fstack-usage -fcyclomatic-complexity -MMD -MP -MF"Core/Src/main.d" -MT"Core/Src/main.o" --specs=nano.specs -mfloat-abi=soft -mthumb -o "Core/Src/main.o"
arm-none-eabi-gcc -o "flo_edge.elf" @"objects.list"   -mcpu=cortex-m0 -T"/home/aditya/work/flo_edge/flo_edge/flo_pcb/firmware/flo_edge/STM32F030CCTX_FLASH.ld" --specs=nosys.specs -Wl,-Map="flo_edge.map" -Wl,--gc-sections -static --specs=nano.specs -mfloat-abi=soft -mthumb -Wl,--start-group -lc -lm -Wl,--end-group
Finished building target: flo_edge.elf
 
arm-none-eabi-size   flo_edge.elf 
arm-none-eabi-objdump -h -S  flo_edge.elf  > "flo_edge.list"
   text	   data	    bss	    dec	    hex	filename
   6572	     20	   1572	   8164	   1fe4	flo_edge.elf
Finished building: default.size.stdout
 
Finished building: flo_edge.list
 
11:17:32 **** Incremental Build of configuration Debug for project flo_edge ****
make -j12 all 
arm-none-eabi-size   flo_edge.elf 
   text	   data	    bss	    dec	    hex	filename
   6572	     20	   1572	   8164	   1fe4	flo_edge.elf
Finished building: default.size.stdout
 
