../Core/Inc/flo_edge.h:21:6:press_vp	8	static
../Core/Inc/flo_edge.h:24:6:release_vp	8	static
../Core/Inc/flo_edge.h:27:6:press_vm	8	static
../Core/Inc/flo_edge.h:30:6:release_vm	8	static
../Core/Inc/flo_edge.h:33:6:press_p	8	static
../Core/Inc/flo_edge.h:36:6:release_p	8	static
../Core/Inc/flo_edge.h:41:6:set_debug_led	16	static
../Core/Inc/flo_edge.h:56:6:set_rgb_led	24	static
../Core/Inc/flo_edge.h:77:5:read_push_button	24	static
../Core/Inc/flo_edge.h:89:5:read_boot_mode	24	static
../Core/Inc/flo_edge.h:101:5:read_haptic	24	static
../Core/Inc/flo_edge.h:112:6:flo_edge_init	8	static
../Core/Inc/flo_edge.h:120:6:boot_main	24	static
../Core/Inc/flo_edge.h:196:6:fastboot_main	24	static
../Core/Inc/flo_edge.h:241:6:flo_edge_main	24	static
../Core/Src/main.c:64:5:main	8	static
../Core/Src/main.c:100:6:SystemClock_Config	80	static
../Core/Src/main.c:138:13:MX_GPIO_Init	48	static
../Core/Src/main.c:199:6:Error_Handler	8	static,ignoring_inline_asm
